Test output:
============================= test session starts ==============================
platform darwin -- Python 3.14.6, pytest-9.1.1, pluggy-1.6.0 -- /opt/homebrew/opt/python@3.14/bin/python3.14
cachedir: .pytest_cache
rootdir: /Users/maxgarcia/self-healing-integrations
configfile: ../../../dev/null
collecting ... collected 0 items / 1 error

==================================== ERRORS ====================================
___________________ ERROR collecting tests/test_shipping.py ____________________
ImportError while importing test module '/Users/maxgarcia/self-healing-integrations/tests/test_shipping.py'.
Hint: make sure your test modules/packages have valid Python names.
Traceback:
/opt/homebrew/Cellar/python@3.14/3.14.6/Frameworks/Python.framework/Versions/3.14/lib/python3.14/importlib/__init__.py:88: in import_module
    return _bootstrap._gcd_import(name[level:], package, level)
           ^^^^^^^^^^^^^^^^^^^^^^^^^^^^^^^^^^^^^^^^^^^^^^^^^^^^
tests/test_shipping.py:11: in <module>
    from pydantic import ValidationError
E   ModuleNotFoundError: No module named 'pydantic'
=========================== short test summary info ============================
ERROR tests/test_shipping.py
!!!!!!!!!!!!!!!!!!!! Interrupted: 1 error during collection !!!!!!!!!!!!!!!!!!!!
=============================== 1 error in 0.06s ===============================

